   Compiling version_check v0.9.5
    Checking cfg-if v1.0.5
    Checking typenum v1.20.1
    Checking subtle v2.6.1
   Compiling zerocopy v0.8.59
    Checking cpufeatures v0.2.17
    Checking opaque-debug v0.3.1
    Checking windows-link v0.2.1
    Checking getrandom v0.2.17
    Checking windows-sys v0.61.2
    Checking rand_core v0.6.4
   Compiling generic-array v0.14.7
    Checking crypto-common v0.1.7
    Checking inout v0.1.4
    Checking block-buffer v0.10.4
    Checking universal-hash v0.5.1
    Checking aead v0.5.2
    Checking cipher v0.4.4
    Checking digest v0.10.7
    Checking polyval v0.6.2
    Checking hmac v0.12.1
    Checking sha2 v0.10.9
    Checking ctr v0.9.2
    Checking aes v0.8.4
    Checking ghash v0.5.1
    Checking hkdf v0.12.4
    Checking aes-gcm v0.10.3
    Checking ppv-lite86 v0.2.21
    Checking rand_chacha v0.3.1
    Checking rand v0.8.7
    Checking rv-keyfallback-platform-check v0.0.0 (/tmp/rv-keyfallback-platform)
    Finished `dev` profile [unoptimized + debuginfo] target(s) in 4.15s
